// Jest Snapshot v1, https://goo.gl/fbAQLP

exports[`Thumbnail Component should render correctly with default props 1`] = `
<LinkButton
  active={false}
  ariaLabel="label name"
  onClick={[MockFunction handleClick]}
>
  <PictureBrick
    alt="Alt"
    link="coremedia:///image/6188/data"
    ratio="portrait_ratio3x4"
    responsive={false}
    title="Title"
  />
</LinkButton>
`;
