// Jest Snapshot v1, https://goo.gl/fbAQLP

exports[`ProductOptions Component should render correctly 1`] = `
.c0 {
  margin: 0;
  padding: 0;
  box-sizing: border-box;
  display: none;
}

@media (min-width:48em) {
  .sc-htpNat:hover .c0 {
    display: -webkit-box;
    display: -webkit-flex;
    display: -ms-flexbox;
    display: flex;
    -webkit-box-pack: center;
    -webkit-justify-content: center;
    -ms-flex-pack: center;
    justify-content: center;
    padding: 0px 10px 10px 10px;
  }
}

<div
  className="c0"
>
  Content
</div>
`;
