// Jest Snapshot v1, https://goo.gl/fbAQLP

exports[`Box Component should render correctly 1`] = `
.c0 {
  margin: 0;
  padding: 0;
  box-sizing: border-box;
}

<div
  className="c0"
>
  Content
</div>
`;
