// Jest Snapshot v1, https://goo.gl/fbAQLP

exports[`Picture Component default context should render correctly 1`] = `
<picture>
  <BasicImg
    src="http://127.0.0.1:8080/media/2662/data"
    title="Scrum"
  />
</picture>
`;

exports[`Picture Component headless context should render correctly 1`] = `
<picture>
  <source
    key="0"
    media="(min-width: 1200px)"
    srcSet="http://127.0.0.1:8080/caas/v1/coremedia/sites/caassiopeia-en-DE/media/2662/data?ratio=portrait_ratio1x1&minWidth=1200"
  />
  <source
    key="1"
    media="(min-width: 992px)"
    srcSet="http://127.0.0.1:8080/caas/v1/coremedia/sites/caassiopeia-en-DE/media/2662/data?ratio=portrait_ratio1x1&minWidth=992"
  />
  <source
    key="2"
    media="(min-width: 768px)"
    srcSet="http://127.0.0.1:8080/caas/v1/coremedia/sites/caassiopeia-en-DE/media/2662/data?ratio=portrait_ratio1x1&minWidth=768"
  />
  <source
    key="3"
    media="(min-width: 480px)"
    srcSet="http://127.0.0.1:8080/caas/v1/coremedia/sites/caassiopeia-en-DE/media/2662/data?ratio=portrait_ratio1x1&minWidth=480"
  />
  <source
    key="4"
    media="(min-width: 320px)"
    srcSet="http://127.0.0.1:8080/caas/v1/coremedia/sites/caassiopeia-en-DE/media/2662/data?ratio=portrait_ratio1x1&minWidth=320"
  />
  <BasicImg
    src="http://127.0.0.1:8080/caas/v1/coremedia/sites/caassiopeia-en-DE/media/2662/data?ratio=portrait_ratio1x1&minWidth=320"
    title="Scrum"
  />
</picture>
`;

exports[`Picture Component headless context should render correctly and skip breakpoint lg 1`] = `
<picture>
  <source
    key="0"
    media="(min-width: 1200px)"
    srcSet="http://127.0.0.1:8080/caas/v1/coremedia/sites/caassiopeia-en-DE/media/2662/data?ratio=portrait_ratio1x1&minWidth=1200"
  />
  <source
    key="1"
    media="(min-width: 992px)"
    srcSet="http://127.0.0.1:8080/caas/v1/coremedia/sites/caassiopeia-en-DE/media/2662/data?ratio=portrait_ratio1x1&minWidth=992"
  />
  <source
    key="2"
    media="(min-width: 768px)"
    srcSet="http://127.0.0.1:8080/caas/v1/coremedia/sites/caassiopeia-en-DE/media/2662/data?ratio=portrait_ratio1x1&minWidth=768"
  />
  <source
    key="3"
    media="(min-width: 480px)"
    srcSet="http://127.0.0.1:8080/caas/v1/coremedia/sites/caassiopeia-en-DE/media/2662/data?ratio=portrait_ratio1x1&minWidth=480"
  />
  <source
    key="4"
    media="(min-width: 320px)"
    srcSet="http://127.0.0.1:8080/caas/v1/coremedia/sites/caassiopeia-en-DE/media/2662/data?ratio=portrait_ratio1x1&minWidth=320"
  />
  <BasicImg
    src="http://127.0.0.1:8080/caas/v1/coremedia/sites/caassiopeia-en-DE/media/2662/data?ratio=portrait_ratio1x1&minWidth=320"
    title="Scrum"
  />
</picture>
`;

exports[`Picture Component headless context should render correctly with responsive=false 1`] = `
<BasicImg
  src="http://127.0.0.1:8080/caas/v1/coremedia/sites/caassiopeia-en-DE/media/2662/data?ratio=thumbnail&minWidth=77"
  title="Scrum"
/>
`;

exports[`Picture Component headless context should render correctly without <sources> element 1`] = `
<picture>
  <source
    key="0"
    media="(min-width: 1200px)"
    srcSet="http://127.0.0.1:8080/caas/v1/coremedia/sites/caassiopeia-en-DE/media/2662/data?ratio=portrait_ratio1x1&minWidth=1200"
  />
  <source
    key="1"
    media="(min-width: 992px)"
    srcSet="http://127.0.0.1:8080/caas/v1/coremedia/sites/caassiopeia-en-DE/media/2662/data?ratio=portrait_ratio1x1&minWidth=992"
  />
  <source
    key="2"
    media="(min-width: 768px)"
    srcSet="http://127.0.0.1:8080/caas/v1/coremedia/sites/caassiopeia-en-DE/media/2662/data?ratio=portrait_ratio1x1&minWidth=768"
  />
  <source
    key="3"
    media="(min-width: 480px)"
    srcSet="http://127.0.0.1:8080/caas/v1/coremedia/sites/caassiopeia-en-DE/media/2662/data?ratio=portrait_ratio1x1&minWidth=480"
  />
  <source
    key="4"
    media="(min-width: 320px)"
    srcSet="http://127.0.0.1:8080/caas/v1/coremedia/sites/caassiopeia-en-DE/media/2662/data?ratio=portrait_ratio1x1&minWidth=320"
  />
  <BasicImg
    src="http://127.0.0.1:8080/caas/v1/coremedia/sites/caassiopeia-en-DE/media/2662/data?ratio=portrait_ratio1x1&minWidth=320"
    title="Scrum"
  />
</picture>
`;
