// Jest Snapshot v1, https://goo.gl/fbAQLP

exports[`Title5 Component should render correctly 1`] = `
.c0 {
  font-family: Helvetica,Arial,sans-serif;
  font-size: 2rem;
  font-weight: 300;
  text-transform: uppercase;
  line-height: 1.2em;
  color: #000;
}

<h5
  className="c0"
>
  Content
</h5>
`;
