// Jest Snapshot v1, https://goo.gl/fbAQLP

exports[`Title6 Component should render correctly 1`] = `
.c0 {
  font-family: Helvetica,Arial,sans-serif;
  font-size: 1rem;
  font-weight: 300;
  text-transform: uppercase;
  line-height: 1.1em;
  color: #000;
}

<h6
  className="c0"
>
  Content
</h6>
`;
