// Jest Snapshot v1, https://goo.gl/fbAQLP

exports[`ContentBox Component should render correctly 1`] = `
.c0 {
  margin: 0;
  padding: 0;
  box-sizing: border-box;
  padding: 40px 40px 50px 40px;
}

<div
  className="c0"
>
  Content
</div>
`;
