// Jest Snapshot v1, https://goo.gl/fbAQLP

exports[`Description Component should render correctly 1`] = `
.c0 {
  font-family: Helvetica,Arial,sans-serif;
  font-size: 1rem;
  font-weight: 400;
  line-height: 1.31em;
  color: #000;
  box-sizing: border-box;
  margin: 0;
  padding: 0;
}

<p
  className="c0"
>
  Content
</p>
`;
